C51 COMPILER V9.60.7.0   MODBUS_RTU                                                        12/28/2025 23:07:15 PAGE 1   


C51 COMPILER V9.60.7.0, COMPILATION OF MODULE MODBUS_RTU
OBJECT MODULE PLACED IN ..\Output\modbus_rtu.obj
COMPILER INVOKED BY: D:\APP\KEIL\MDK\C51\BIN\C51.EXE ..\Emembed\Src\modbus_rtu.c LARGE OPTIMIZE(8,SPEED) BROWSE INCDIR(.
                    -.\BSP\Inc;..\Core\Inc;..\Driver;..\Emembed\Inc;..\SYSTEM\Inc) DEBUG OBJECTEXTEND PRINT(.\Listings\modbus_rtu.lst) TABS(2
                    -) OBJECT(..\Output\modbus_rtu.obj)

line level    source

   1          #include "modbus_rtu.h"
   2          
   3          MODBIS_INFO modbus;
   4          
   5          /**
   6           * @brief modbus_rtu  无奇偶校验
   7           *
   8           * @param   void
   9           *
  10           * @return  void 
  11          **/
  12          void Modbus_Event( void )
  13          {
  14   1          uint16_t crc,rccrc;
  15   1          
  16   1          /*1.接收完毕                                           */
  17   1          if( rs485.rcv_end_Flag == 1 )
  18   1          {
  19   2              /*2.CRC校验                                         */                                     
  20   2              crc = MODBUS_CRC16(rs485.rcv_buf, rs485.rcv_cnt-2);
  21   2              rccrc = (rs485.rcv_buf[rs485.rcv_cnt - 1]) | (rs485.rcv_buf[rs485.rcv_cnt -2 ] << 8);
  22   2      
  23   2              /*3.CRC校验通过，进行地址域校验                      */
  24   2              if( crc == rccrc )
  25   2              {
  26   3                  /*3-1.地址域校验通过，进入相应功能函数进行处理      */
  27   3                  if( rs485.rcv_buf[0] == MY_ADDR )
  28   3                  {
  29   4                      switch ( rs485.rcv_buf[1] )
  30   4                      {
  31   5                          case FUN_03:      Modbus_Fun3();          break;
  32   5                          case FUN_04:      Modbus_Fun4();          break;
  33   5                          case FUN_06:      Modbus_Fun6();          break;
  34   5                          case FUN_16:      Modbus_Fun16();         break;
  35   5      
  36   5                          default:                                  break;
  37   5                      }
  38   4                  }
  39   3              }
  40   2              /*4.清空接收完毕标志位  清空接收计数        */    
  41   2              rs485.rcv_end_Flag = 0;
  42   2              rs485.rcv_cnt = 0; 
  43   2          }
  44   1      }
  45          
  46          /**
  47           * @brief 读输入寄存器  03
  48           *
  49           * @param   void
  50           *
  51           * @return  void 
  52          **/
  53          void Modbus_Fun3( void )
C51 COMPILER V9.60.7.0   MODBUS_RTU                                                        12/28/2025 23:07:15 PAGE 2   

  54          {
  55   1          uint16_t i;
  56   1      
  57   1          modbus.rcv_addr1_valH  = 3;                //DATA1 H 位置
  58   1          modbus.start_reg_03    = rs485.rcv_buf[2] << 8 | rs485.rcv_buf[3];
  59   1          modbus.reg_num_03      = rs485.rcv_buf[4] << 8 | rs485.rcv_buf[5];
  60   1      
  61   1          rs485.send_buf[0]  = MY_ADDR;                  //Addr
  62   1          rs485.send_buf[1]  = FUN_03;                   //Fun
  63   1          rs485.send_buf[2]  = modbus.reg_num_03 * 2;    //Byte Count
  64   1      
  65   1          for( i = modbus.start_reg_03; i < modbus.start_reg_03 + modbus.reg_num_03; i++ )
  66   1          {
  67   2              /*    每次循环前初始化byte_info                       */
  68   2              modbus.byte_info_H = modbus.byte_info_L = 0X00;
  69   2              switch (i)
  70   2              {   
  71   3                  /*  40001 通道查询                     */
  72   3                  case 0x00:
  73   3      
  74   3                      modbus.byte_info_H = 0;
  75   3                      modbus.byte_info_L = slave_06.channel_num;
  76   3      
  77   3                      break;
  78   3      
  79   3                  /*  40002 同步状态查询                     */    
  80   3                  case 0x01:
  81   3                      modbus.byte_info_H = 0;
  82   3                      modbus.byte_info_L = slave_06.sync_switch;
  83   3                      break;
  84   3      
  85   3                  /*  40003 风速查询                         */
  86   3                  case 0x02:    
  87   3                      modbus.byte_info_H = 0;
  88   3                      modbus.byte_info_L = slave_06.fan_level;
  89   3      
  90   3                      break;
  91   3      
  92   3                  /*  40004 功率查询              */
  93   3                  case 0x03:    
  94   3                      modbus.byte_info_H = 0;
  95   3                      modbus.byte_info_L = slave_06.power_level;
  96   3      
  97   3                      break;
  98   3      
  99   3                  /*  40005 工作模式查询                     */
 100   3                  case 0x04:   
 101   3                      modbus.byte_info_H = 0;
 102   3                      modbus.byte_info_L = slave_06.OTP_temp1;
 103   3      
 104   3                      break;
 105   3      
 106   3                  /*  40006 报警温度查询                     */
 107   3                  case 0x05:   
 108   3                      modbus.byte_info_H = 0;
 109   3                      modbus.byte_info_L = slave_06.mode_num;
 110   3      
 111   3                      break;
 112   3      
 113   3                  default:
 114   3                      break;
 115   3              }
C51 COMPILER V9.60.7.0   MODBUS_RTU                                                        12/28/2025 23:07:15 PAGE 3   

 116   2              rs485.send_buf[modbus.rcv_addr1_valH++] = modbus.byte_info_H;
 117   2              rs485.send_buf[modbus.rcv_addr1_valH++] = modbus.byte_info_L;
 118   2          }
 119   1          slave_to_master(FUN_03,3 + modbus.reg_num_03 * 2);
 120   1      }
 121          
 122          /**
 123           * @brief 读输出寄存器  04
 124           *
 125           * @param   void
 126           *
 127           * @return  void 
 128          **/
 129          void Modbus_Fun4( void )
 130          {
 131   1          uint16_t i;
 132   1      
 133   1          modbus.rcv_addr1_valH  = 3;                 //DATA1 H 位置
 134   1          modbus.start_reg_04 = rs485.rcv_buf[2] << 8 | rs485.rcv_buf[3];
 135   1          modbus.reg_num_04   = rs485.rcv_buf[4] << 8 | rs485.rcv_buf[5];
 136   1      
 137   1          rs485.send_buf[0]  = MY_ADDR;                  //Addr
 138   1          rs485.send_buf[1]  = FUN_04;                   //Fun
 139   1          rs485.send_buf[2]  = modbus.reg_num_04 * 2;    //Byte Count
 140   1      
 141   1          for( i = modbus.start_reg_04; i < modbus.start_reg_04 + modbus.reg_num_04; i++ )
 142   1          {
 143   2              /*    每次循环前初始化byte_info                       */
 144   2              modbus.byte_info_H = modbus.byte_info_L = 0X00;
 145   2              switch (i)
 146   2              {
 147   3                  case 0:
 148   3                      modbus.byte_info_H = 0x00;
 149   3                      modbus.byte_info_L = power_ctrl.OTP1_alarm_flag;
 150   3      
 151   3                      break;
 152   3      
 153   3                  case 1:
 154   3                      modbus.byte_info_H = 0x00;
 155   3                      modbus.byte_info_L = power_ctrl.signal_flag;
 156   3      
 157   3                      break;
 158   3                  default:
 159   3                      break;
 160   3              }
 161   2              rs485.send_buf[modbus.rcv_addr1_valH++] = modbus.byte_info_H;
 162   2              rs485.send_buf[modbus.rcv_addr1_valH++] = modbus.byte_info_L;
 163   2          }
 164   1          slave_to_master(FUN_04,3 + modbus.reg_num_04 * 2);
 165   1      }
 166          
 167          /**
 168           * @brief 写单个输出寄存器  06
 169           *
 170           * @param   void
 171           *
 172           * @return  void 
 173          **/
 174          void Modbus_Fun6( void )
 175          {
 176   1          Buzzer = 0;
 177   1          modbus.reg_addr_06 = rs485.rcv_buf[2] << 8 | rs485.rcv_buf[3];
C51 COMPILER V9.60.7.0   MODBUS_RTU                                                        12/28/2025 23:07:15 PAGE 4   

 178   1          modbus.byte_info_H = rs485.rcv_buf[4];
 179   1          modbus.byte_info_L = rs485.rcv_buf[5];
 180   1      
 181   1          switch (modbus.reg_addr_06)
 182   1          {
 183   2              /*  40001   加热通道设置                */
 184   2              case 0x00:       
 185   2                  slave_06.channel_num = modbus.byte_info_L;        
 186   2                  break;
 187   2      
 188   2              /*  40002   同步开关设置                */
 189   2              case 0x01:
 190   2                  slave_06.sync_switch = modbus.byte_info_L;                                         
 191   2                  break;
 192   2      
 193   2              /*  40003   风速设置                    */
 194   2              case 0x02:                                         
 195   2                  slave_06.fan_level = modbus.byte_info_L;
 196   2                  fan_ctrl();
 197   2                  break;  
 198   2                  
 199   2              /*  40004   功率档位设置                */
 200   2              case 0x03:                                         
 201   2                  slave_06.power_level = modbus.byte_info_L;
 202   2                  power_level_crl();
 203   2                  break;
 204   2      
 205   2              /*  40005   报警温度设置                */
 206   2              case 0x04:
 207   2                  slave_06.OTP_temp1 = modbus.byte_info_L;                                         
 208   2                  break;
 209   2      
 210   2              /*  40006   模式设置                    */
 211   2              case 0x05:                                         
 212   2                  slave_06.mode_num = rs485.rcv_buf[5];
 213   2                  mode_select();
 214   2                  break;
 215   2      
 216   2              /*  40007   总开关设置                  */
 217   2              case 0x06:  
 218   2      
 219   2                  break;
 220   2      
 221   2              default:
 222   2                  break;   
 223   2          }
 224   1          slave_to_master(FUN_06,8);
 225   1          eeprom_data_write();
 226   1          Buzzer = 1;
 227   1      }
 228          
 229          /**
 230           * @brief 写多个输出寄存器  16
 231           *
 232           * @param   void
 233           *
 234           * @return  void 
 235          **/
 236          void Modbus_Fun16( void )
 237          {
 238   1          uint16_t i;
 239   1      
C51 COMPILER V9.60.7.0   MODBUS_RTU                                                        12/28/2025 23:07:15 PAGE 5   

 240   1          Buzzer = 0;
 241   1          modbus.rcv_addr1_valH = 7;                  //DATA1 H位置
 242   1          modbus.start_reg_16 = rs485.rcv_buf[2] << 8 | rs485.rcv_buf[3];
 243   1          modbus.reg_num_16   = rs485.rcv_buf[5] << 8 | rs485.rcv_buf[6];
 244   1      
 245   1          for( i = modbus.rcv_addr1_valH; i < modbus.rcv_addr1_valH + modbus.reg_num_16; i++)
 246   1          {
 247   2              modbus.byte_info_H = rs485.rcv_buf[modbus.rcv_addr1_valH];
 248   2              modbus.byte_info_L = rs485.rcv_buf[modbus.rcv_addr1_valH + 1];
 249   2              switch (i)
 250   2              {
 251   3                  /*  40001  通道设置                 */
 252   3                  case 0x00:
 253   3                      slave_06.channel_num = modbus.byte_info_L;
 254   3                      break;
 255   3                  
 256   3                  /*  40002   同步状态设置                          */
 257   3                  case 0x01:
 258   3                      slave_06.sync_switch = modbus.byte_info_L;
 259   3                      break;
 260   3      
 261   3                  /*  40003 风速设置                          */
 262   3                  case 0x02:
 263   3                      slave_06.fan_level = modbus.byte_info_L;
 264   3                      fan_ctrl();
 265   3                      break;
 266   3      
 267   3                  /*  40004  功率设置                   */
 268   3                  case 0x03:
 269   3                      slave_06.power_level = modbus.byte_info_L;
 270   3                      power_level_crl();
 271   3                      break;
 272   3      
 273   3                  /*  40005  报警温度设置                   */
 274   3                  case 0x04:                                         
 275   3                      slave_06.OTP_temp1 = modbus.byte_info_L;
 276   3                      break;
 277   3      
 278   3                  /*  40006  模式设置                   */
 279   3                  case 0x05:                                         
 280   3                      slave_06.mode_num = modbus.byte_info_L;
 281   3                      mode_select();
 282   3                      break;
 283   3                      
 284   3                  default:
 285   3                      break;
 286   3              }
 287   2              modbus.rcv_addr1_valH += 2;         //从Value1_H →→ 从Value2_H
 288   2          }
 289   1      
 290   1          slave_to_master(FUN_16,8);
 291   1      
 292   1          eeprom_data_write();                      //记录更改后的值
 293   1          Buzzer = 1;
 294   1      }
 295          
 296          
 297          /**
 298           * @brief 从机回复主机
 299           *  
 300           * @param   code_num:功能码       
 301           * @param   length:数据长度        
C51 COMPILER V9.60.7.0   MODBUS_RTU                                                        12/28/2025 23:07:15 PAGE 6   

 302           * 
 303            @return  crc16:crc校验的值 2byte
 304           */
 305          void slave_to_master(uint8_t code_num,uint8_t length)
 306          {
 307   1          uint16_t crc;
 308   1      
 309   1          switch (code_num)
 310   1          {
 311   2              case 0x03:
 312   2                  crc = MODBUS_CRC16(rs485.send_buf,length);
 313   2      
 314   2                  rs485.send_buf[length + 1] = crc;               //CRC H
 315   2                  rs485.send_buf[length]     = crc >> 8;          //CRC L
 316   2      
 317   2                  rs485.send_bytelength = length + 2;
 318   2                  
 319   2                  break;
 320   2              case 0x04:
 321   2                  crc = MODBUS_CRC16(rs485.send_buf,length);
 322   2      
 323   2                  rs485.send_buf[length + 1] = crc;               //CRC H
 324   2                  rs485.send_buf[length]     = crc >> 8;          //CRC L
 325   2      
 326   2                  rs485.send_bytelength = length + 2;
 327   2                  
 328   2                  break;    
 329   2      
 330   2              case 0x06:
 331   2                  memcpy(rs485.send_buf,rs485.rcv_buf,8);
 332   2      
 333   2                  rs485.send_bytelength = length;
 334   2                  
 335   2                  break;   
 336   2      
 337   2              case 0x10:
 338   2                  memcpy(rs485.send_buf,rs485.rcv_buf,6);
 339   2              
 340   2                  crc = MODBUS_CRC16(rs485.send_buf,6);
 341   2      
 342   2                  rs485.send_buf[7] = crc;                 //CRC H
 343   2                  rs485.send_buf[6] = crc >> 8;              //CRC L
 344   2              
 345   2                  rs485.send_bytelength = length;
 346   2                  
 347   2                  break;         
 348   2      
 349   2              default:
 350   2                  break;
 351   2          }
 352   1      
 353   1          DR_485 = 1;                                 //485可以发送
 354   1          delay_ms(2);
 355   1          S4CON |= S4TI;                              //开始发送
 356   1          delay_ms(1);
 357   1      }
 358          
 359          
 360          /**
 361           * @brief crc校验函数
 362           * 
 363           * @param   buf：  Address(1 byte) +Funtion(1 byte) ）+Data(n byte)   
C51 COMPILER V9.60.7.0   MODBUS_RTU                                                        12/28/2025 23:07:15 PAGE 7   

 364           * @param   length:数据长度           
 365           * 
 366            @return  crc16:crc校验的值 2byte
 367           */
 368          uint16_t MODBUS_CRC16(uint8_t *buf, uint8_t length)
 369          {
 370   1        uint8_t i;
 371   1        uint16_t  crc16;
 372   1      
 373   1          /* 1, 预置16位CRC寄存器为0xffff（即全为1）                          */
 374   1        crc16 = 0xffff; 
 375   1      
 376   1        do
 377   1        {
 378   2              /* 2, 把8位数据与16位CRC寄存器的低位相异或，把结果放于CRC寄存器     */    
             -    
 379   2          crc16 ^= (uint16_t)*buf;    //
 380   2          for(i=0; i<8; i++)    
 381   2          {
 382   3                  /* 3, 如果最低位为1，把CRC寄存器的内容右移一位(朝低位)，用0填补最高
             -位 再异或0xA001    */
 383   3            if(crc16 & 1)
 384   3                  {
 385   4                      crc16 = (crc16 >> 1) ^ 0xA001;
 386   4                  }
 387   3                  /* 4, 如果最低位为0，把CRC寄存器的内容右移一位(朝低位)，用0填补最高
             -位                */
 388   3                  else
 389   3                  {
 390   4                      crc16 >>= 1;
 391   4                  }   
 392   3          }
 393   2          buf++;
 394   2        }while(--length != 0);
 395   1      
 396   1        return  (crc16);
 397   1      }


MODULE INFORMATION:   STATIC OVERLAYABLE
   CODE SIZE        =   1281    ----
   CONSTANT SIZE    =   ----    ----
   XDATA SIZE       =     17       8
   PDATA SIZE       =   ----    ----
   DATA SIZE        =   ----    ----
   IDATA SIZE       =   ----    ----
   BIT SIZE         =   ----    ----
END OF MODULE INFORMATION.


C51 COMPILATION COMPLETE.  0 WARNING(S),  0 ERROR(S)
